FAIL src/modules/posts/__tests__/posts.formatter.test.js
  ● Console

    console.error
      Gemini format error: Error: AI failed
          at Object.<anonymous> (E:\DevopsDaily\server-nodejs\src\modules\posts\__tests__\posts.formatter.test.js:82:47)
          at Promise.finally.completed (E:\DevopsDaily\server-nodejs\node_modules\jest-circus\build\jestAdapterInit.js:1557:28)
          at new Promise (<anonymous>)
          at callAsyncCircusFn (E:\DevopsDaily\server-nodejs\node_modules\jest-circus\build\jestAdapterInit.js:1497:10)
          at _callCircusTest (E:\DevopsDaily\server-nodejs\node_modules\jest-circus\build\jestAdapterInit.js:1007:40)
          at processTicksAndRejections (node:internal/process/task_queues:105:5)
          at _runTest (E:\DevopsDaily\server-nodejs\node_modules\jest-circus\build\jestAdapterInit.js:947:3)
          at E:\DevopsDaily\server-nodejs\node_modules\jest-circus\build\jestAdapterInit.js:849:7
          at _runTestsForDescribeBlock (E:\DevopsDaily\server-nodejs\node_modules\jest-circus\build\jestAdapterInit.js:862:11)
          at _runTestsForDescribeBlock (E:\DevopsDaily\server-nodejs\node_modules\jest-circus\build\jestAdapterInit.js:857:11)
          at run (E:\DevopsDaily\server-nodejs\node_modules\jest-circus\build\jestAdapterInit.js:761:3)
          at runAndTransformResultsToJestFormat (E:\DevopsDaily\server-nodejs\node_modules\jest-circus\build\jestAdapterInit.js:1918:21)
          at jestAdapter (E:\DevopsDaily\server-nodejs\node_modules\jest-circus\build\runner.js:101:19)
          at runTestInternal (E:\DevopsDaily\server-nodejs\node_modules\jest-runner\build\index.js:275:16)
          at runTest (E:\DevopsDaily\server-nodejs\node_modules\jest-runner\build\index.js:343:7)

    [0m [90m 44 |[39m         [36mreturn[39m finalContent[33m;[39m
     [90m 45 |[39m     } [36mcatch[39m (error) {
    [31m[1m>[22m[39m[90m 46 |[39m         console[33m.[39merror([32m'Gemini format error:'[39m[33m,[39m error)[33m;[39m
     [90m    |[39m                 [31m[1m^[22m[39m
     [90m 47 |[39m         [36mthrow[39m [36mnew[39m [33mBadRequestError[39m([32m'Failed to format content via Gemini API. '[39m [33m+[39m error[33m.[39mmessage)[33m;[39m
     [90m 48 |[39m     }
     [90m 49 |[39m }[33m;[39m[0m

      at error (src/modules/posts/posts.formatter.js:46:17)
      at Object.<anonymous> (src/modules/posts/__tests__/posts.formatter.test.js:84:9)

    console.error
      Gemini format error: Error: AI failed
          at Object.<anonymous> (E:\DevopsDaily\server-nodejs\src\modules\posts\__tests__\posts.formatter.test.js:82:47)
          at Promise.finally.completed (E:\DevopsDaily\server-nodejs\node_modules\jest-circus\build\jestAdapterInit.js:1557:28)
          at new Promise (<anonymous>)
          at callAsyncCircusFn (E:\DevopsDaily\server-nodejs\node_modules\jest-circus\build\jestAdapterInit.js:1497:10)
          at _callCircusTest (E:\DevopsDaily\server-nodejs\node_modules\jest-circus\build\jestAdapterInit.js:1007:40)
          at processTicksAndRejections (node:internal/process/task_queues:105:5)
          at _runTest (E:\DevopsDaily\server-nodejs\node_modules\jest-circus\build\jestAdapterInit.js:947:3)
          at E:\DevopsDaily\server-nodejs\node_modules\jest-circus\build\jestAdapterInit.js:849:7
          at _runTestsForDescribeBlock (E:\DevopsDaily\server-nodejs\node_modules\jest-circus\build\jestAdapterInit.js:862:11)
          at _runTestsForDescribeBlock (E:\DevopsDaily\server-nodejs\node_modules\jest-circus\build\jestAdapterInit.js:857:11)
          at run (E:\DevopsDaily\server-nodejs\node_modules\jest-circus\build\jestAdapterInit.js:761:3)
          at runAndTransformResultsToJestFormat (E:\DevopsDaily\server-nodejs\node_modules\jest-circus\build\jestAdapterInit.js:1918:21)
          at jestAdapter (E:\DevopsDaily\server-nodejs\node_modules\jest-circus\build\runner.js:101:19)
          at runTestInternal (E:\DevopsDaily\server-nodejs\node_modules\jest-runner\build\index.js:275:16)
          at runTest (E:\DevopsDaily\server-nodejs\node_modules\jest-runner\build\index.js:343:7)

    [0m [90m 44 |[39m         [36mreturn[39m finalContent[33m;[39m
     [90m 45 |[39m     } [36mcatch[39m (error) {
    [31m[1m>[22m[39m[90m 46 |[39m         console[33m.[39merror([32m'Gemini format error:'[39m[33m,[39m error)[33m;[39m
     [90m    |[39m                 [31m[1m^[22m[39m
     [90m 47 |[39m         [36mthrow[39m [36mnew[39m [33mBadRequestError[39m([32m'Failed to format content via Gemini API. '[39m [33m+[39m error[33m.[39mmessage)[33m;[39m
     [90m 48 |[39m     }
     [90m 49 |[39m }[33m;[39m[0m

      at error (src/modules/posts/posts.formatter.js:46:17)
      at Object.<anonymous> (src/modules/posts/__tests__/posts.formatter.test.js:85:9)

  ● formatContentByGemini › should remove ```markdown wrap if returned by AI

    expect(received).toBe(expected) // Object.is equality

    - Expected  - 1
    + Received  + 0

      # Hello
    -

    [0m [90m 54 |[39m
     [90m 55 |[39m         [36mconst[39m result [33m=[39m [36mawait[39m formatContentByGemini([32m'raw'[39m)[33m;[39m
    [31m[1m>[22m[39m[90m 56 |[39m         expect(result)[33m.[39mtoBe([32m'# Hello\n'[39m)[33m;[39m
     [90m    |[39m                        [31m[1m^[22m[39m
     [90m 57 |[39m     })[33m;[39m
     [90m 58 |[39m     
     [90m 59 |[39m     it([32m'should remove ```markdown wrap without end newline if returned by AI'[39m[33m,[39m [36masync[39m () [33m=>[39m {[0m

      at Object.toBe (src/modules/posts/__tests__/posts.formatter.test.js:56:24)

PASS src/modules/subscribers/__tests__/subscribers.routes.test.js
PASS src/modules/posts/__tests__/posts.image-generator.test.js
PASS src/modules/subscribers/__tests__/subscribers.service.test.js
PASS src/modules/comments/__tests__/comments.helpers.test.js
PASS src/modules/categories/__tests__/categories.validation.test.js
PASS src/modules/posts/__tests__/posts.validation.test.js
PASS src/modules/users/__tests__/users.validation.test.js
PASS src/modules/auth/__tests__/auth.validation.test.js
PASS src/modules/comments/__tests__/comments.validation.test.js
PASS src/modules/comments/__tests__/comments.admin.validation.test.js
PASS src/modules/tags/__tests__/tags.validation.test.js
PASS src/modules/subscribers/__tests__/subscribers.validation.test.js

Test Suites: 1 failed, 12 passed, 13 total
Tests:       1 failed, 97 passed, 98 total
Snapshots:   0 total
Time:        11.43 s
Ran all test suites.
